19:54:18 │ [32mINFO[0m │ main         │ ==================================================
19:54:18 │ [32mINFO[0m │ main         │ AInsight 启动
19:54:18 │ [32mINFO[0m │ main         │ ==================================================
19:54:18 │ [32mINFO[0m │ main         │ 数据库已连接
19:54:18 │ [32mINFO[0m │ main         │ ==================================================
19:54:18 │ [32mINFO[0m │ main         │ Twitter 抓取
19:54:18 │ [32mINFO[0m │ main         │ ==================================================
19:54:18 │ [33mWARNING[0m │ main         │ 数据库中没有活跃的 X KOL
19:54:18 │ [32mINFO[0m │ main         │ Twitter 抓取: 0 条
19:54:18 │ [32mINFO[0m │ src.fetcher.source_loader │ 加载 0 个数据源
19:54:18 │ [32mINFO[0m │ main         │ ==================================================
19:54:18 │ [32mINFO[0m │ main         │ 聚类处理
19:54:18 │ [32mINFO[0m │ main         │ ==================================================
19:54:19 │ [32mINFO[0m │ main         │ 没有待聚类的内容
19:54:19 │ [32mINFO[0m │ main         │ 检查情报合成触发条件...
19:54:20 │ [32mINFO[0m │ main         │ 情报合成: 0 个主题
19:54:20 │ [32mINFO[0m │ main         │ 准备发送情报摘要...
19:54:23 │ [32mINFO[0m │ main         │ 情报推送完成
19:54:23 │ [32mINFO[0m │ main         │ 统计: 主题 0 个, 内容 0 条, 情报包 0 个
19:54:23 │ [32mINFO[0m │ main         │ 运行完成
